/page7.html (5 hits)
/page6.html (4 hits)
/page8.html (3 hits)
/page3.html (2 hits)
/page1.html (1 hits)