/image.jpg (8 hits)
/page9.html (3 hits)
/page5.html (2 hits)
/page8.html (1 hits)